src/pages/CampaignBuilder.tsx(92,18): error TS2345: Argument of type '"CalendarManager"' is not assignable to parameter of type 'ModuleName'.
src/pages/ContentLibrary.tsx(199,16): error TS2345: Argument of type '"CalendarManager"' is not assignable to parameter of type 'ModuleName'.
src/pages/TrendHunter.tsx(226,16): error TS2345: Argument of type '"CalendarManager"' is not assignable to parameter of type 'ModuleName'.
