src/pages/Settings.tsx(99,42): error TS2339: Property 'phone' does not exist on type '{ whatsapp?: string; instagram?: string; tiktok?: string; twitter?: string; pinterest?: string; facebook?: string; linkedin?: string; }'.
src/pages/Settings.tsx(100,44): error TS2339: Property 'address' does not exist on type '{ whatsapp?: string; instagram?: string; tiktok?: string; twitter?: string; pinterest?: string; facebook?: string; linkedin?: string; }'.
src/pages/Settings.tsx(101,41): error TS2339: Property 'cnpj' does not exist on type '{ whatsapp?: string; instagram?: string; tiktok?: string; twitter?: string; pinterest?: string; facebook?: string; linkedin?: string; }'.
src/pages/Settings.tsx(243,39): error TS2345: Argument of type '{ businessProfile: BusinessProfile; contactInfo: { phone: string; address: string; cnpj: string; }; }' is not assignable to parameter of type 'Partial<UserProfile>'.
  Types of property 'contactInfo' are incompatible.
    Type '{ phone: string; address: string; cnpj: string; }' has no properties in common with type '{ whatsapp?: string; instagram?: string; tiktok?: string; twitter?: string; pinterest?: string; facebook?: string; linkedin?: string; }'.
src/pages/Settings.tsx(502,19): error TS2322: Type '{ id: string; label: string; value: string; onChange: (e: ChangeEvent<HTMLInputElement>) => void; placeholder: string; icon: Element; }' is not assignable to type 'IntrinsicAttributes & InputProps & RefAttributes<HTMLInputElement>'.
  Property 'icon' does not exist on type 'IntrinsicAttributes & InputProps & RefAttributes<HTMLInputElement>'.
src/pages/Settings.tsx(510,19): error TS2322: Type '{ id: string; label: string; value: string; onChange: (e: ChangeEvent<HTMLInputElement>) => void; placeholder: string; icon: Element; }' is not assignable to type 'IntrinsicAttributes & InputProps & RefAttributes<HTMLInputElement>'.
  Property 'icon' does not exist on type 'IntrinsicAttributes & InputProps & RefAttributes<HTMLInputElement>'.
src/pages/Settings.tsx(519,17): error TS2322: Type '{ id: string; label: string; value: string; onChange: (e: ChangeEvent<HTMLInputElement>) => void; placeholder: string; icon: Element; }' is not assignable to type 'IntrinsicAttributes & InputProps & RefAttributes<HTMLInputElement>'.
  Property 'icon' does not exist on type 'IntrinsicAttributes & InputProps & RefAttributes<HTMLInputElement>'.
src/services/notifications/websocket-server.ts(2,24): error TS2307: Cannot find module 'socket.io' or its corresponding type declarations.
