src/components/layout/Sidebar.tsx(66,25): error TS2339: Property 'adStudio' does not exist on type 'JSX.IntrinsicElements'.
src/components/layout/Sidebar.tsx(66,25): error TS2339: Property 'aiManager' does not exist on type 'JSX.IntrinsicElements'.
src/components/layout/Sidebar.tsx(66,25): error TS2339: Property 'bolt' does not exist on type 'JSX.IntrinsicElements'.
src/components/layout/Sidebar.tsx(66,25): error TS2339: Property 'calendar' does not exist on type 'JSX.IntrinsicElements'.
src/components/layout/Sidebar.tsx(66,25): error TS2339: Property 'calendarAlt' does not exist on type 'JSX.IntrinsicElements'.
src/components/layout/Sidebar.tsx(66,25): error TS2339: Property 'campaign' does not exist on type 'JSX.IntrinsicElements'.
src/components/layout/Sidebar.tsx(66,25): error TS2339: Property 'chart' does not exist on type 'JSX.IntrinsicElements'.
src/components/layout/Sidebar.tsx(66,25): error TS2339: Property 'chat' does not exist on type 'JSX.IntrinsicElements'.
src/components/layout/Sidebar.tsx(66,25): error TS2339: Property 'check' does not exist on type 'JSX.IntrinsicElements'.
src/components/layout/Sidebar.tsx(66,25): error TS2339: Property 'clock' does not exist on type 'JSX.IntrinsicElements'.
src/components/layout/Sidebar.tsx(66,25): error TS2339: Property 'close' does not exist on type 'JSX.IntrinsicElements'.
src/components/layout/Sidebar.tsx(66,25): error TS2339: Property 'cloudUp' does not exist on type 'JSX.IntrinsicElements'.
src/components/layout/Sidebar.tsx(66,25): error TS2339: Property 'contentGen' does not exist on type 'JSX.IntrinsicElements'.
src/components/layout/Sidebar.tsx(66,25): error TS2339: Property 'creativeStudio' does not exist on type 'JSX.IntrinsicElements'.
src/components/layout/Sidebar.tsx(66,25): error TS2339: Property 'dashboard' does not exist on type 'JSX.IntrinsicElements'.
src/components/layout/Sidebar.tsx(66,25): error TS2339: Property 'database' does not exist on type 'JSX.IntrinsicElements'.
src/components/layout/Sidebar.tsx(66,25): error TS2339: Property 'download' does not exist on type 'JSX.IntrinsicElements'.
src/components/layout/Sidebar.tsx(66,25): error TS2339: Property 'export' does not exist on type 'JSX.IntrinsicElements'.
src/components/layout/Sidebar.tsx(66,25): error TS2339: Property 'globe' does not exist on type 'JSX.IntrinsicElements'.
src/components/layout/Sidebar.tsx(66,25): error TS2339: Property 'info' does not exist on type 'JSX.IntrinsicElements'.
src/components/layout/Sidebar.tsx(66,25): error TS2339: Property 'key' does not exist on type 'JSX.IntrinsicElements'.
src/components/layout/Sidebar.tsx(66,25): error TS2339: Property 'library' does not exist on type 'JSX.IntrinsicElements'.
src/components/layout/Sidebar.tsx(66,25): error TS2339: Property 'mic' does not exist on type 'JSX.IntrinsicElements'.
src/components/layout/Sidebar.tsx(66,25): error TS2339: Property 'moon' does not exist on type 'JSX.IntrinsicElements'.
src/components/layout/Sidebar.tsx(66,25): error TS2339: Property 'music' does not exist on type 'JSX.IntrinsicElements'.
src/components/layout/Sidebar.tsx(66,25): error TS2339: Property 'play' does not exist on type 'JSX.IntrinsicElements'.
src/components/layout/Sidebar.tsx(66,25): error TS2339: Property 'plus' does not exist on type 'JSX.IntrinsicElements'.
src/components/layout/Sidebar.tsx(66,25): error TS2339: Property 'profile' does not exist on type 'JSX.IntrinsicElements'.
src/components/layout/Sidebar.tsx(66,25): error TS2339: Property 'send' does not exist on type 'JSX.IntrinsicElements'.
src/components/layout/Sidebar.tsx(66,25): error TS2339: Property 'server' does not exist on type 'JSX.IntrinsicElements'.
src/components/layout/Sidebar.tsx(66,25): error TS2339: Property 'settings' does not exist on type 'JSX.IntrinsicElements'.
src/components/layout/Sidebar.tsx(66,25): error TS2339: Property 'share' does not exist on type 'JSX.IntrinsicElements'.
src/components/layout/Sidebar.tsx(66,25): error TS2339: Property 'sun' does not exist on type 'JSX.IntrinsicElements'.
src/components/layout/Sidebar.tsx(66,25): error TS2339: Property 'theme' does not exist on type 'JSX.IntrinsicElements'.
src/components/layout/Sidebar.tsx(66,25): error TS2339: Property 'trash' does not exist on type 'JSX.IntrinsicElements'.
src/components/layout/Sidebar.tsx(66,25): error TS2339: Property 'trends' does not exist on type 'JSX.IntrinsicElements'.
src/components/layout/Sidebar.tsx(66,25): error TS2339: Property 'user' does not exist on type 'JSX.IntrinsicElements'.
src/components/layout/Sidebar.tsx(66,25): error TS2339: Property 'warning' does not exist on type 'JSX.IntrinsicElements'.
src/components/layout/Sidebar.tsx(66,26): error TS2604: JSX element type 'Icon' does not have any construct or call signatures.
src/components/ui/sidebar.tsx(4,33): error TS2307: Cannot find module 'next/link' or its corresponding type declarations.
src/components/ui/sidebar.tsx(78,27): error TS2352: Conversion of type 'Omit<HTMLMotionProps<"div">, "ref"> & RefAttributes<HTMLDivElement>' to type 'DetailedHTMLProps<HTMLAttributes<HTMLDivElement>, HTMLDivElement>' may be a mistake because neither type sufficiently overlaps with the other. If this was intentional, convert the expression to 'unknown' first.
  Type 'Omit<HTMLMotionProps<"div">, "ref"> & RefAttributes<HTMLDivElement>' is not comparable to type 'HTMLAttributes<HTMLDivElement>'.
    Types of property 'onDrag' are incompatible.
      Type '(event: MouseEvent | PointerEvent | TouchEvent, info: PanInfo) => void' is not comparable to type 'DragEventHandler<HTMLDivElement>'.
        Target signature provides too few arguments. Expected 2 or more, but got 1.
